Archive member included to satisfy reference by file (symbol)

libtask.a(task1.o)            (--whole-archive)
libtask.a(task2.o)            (--whole-archive)
libtask.a(task3.o)            (--whole-archive)

Memory Configuration

Name             Origin             Length             Attributes
ram              0x0000000080000000 0x0000000008000000 axw !rl
*default*        0x0000000000000000 0xffffffffffffffff

Linker script and memory map

LOAD start.o
LOAD mem.o
LOAD kernel.o
LOAD uart.o
LOAD printf.o
LOAD debug.o
LOAD libtask.a

.text           0x0000000080000000     0x29a4
                0x0000000080000000                PROVIDE (_text_start = .)
 *(.text .text.*)
 .text          0x0000000080000000     0x2048 start.o
                0x0000000080000000                _start
 .text          0x0000000080002048        0x0 mem.o
 .text          0x0000000080002048       0x30 kernel.o
                0x0000000080002048                start_kernel
 .text          0x0000000080002078      0x124 uart.o
                0x0000000080002078                uart_init
                0x00000000800020fc                uart_putc
                0x0000000080002148                uart_puts
 .text          0x000000008000219c      0x5e8 printf.o
                0x00000000800026d4                printf
                0x0000000080002748                panic
 .text          0x0000000080002784      0x160 debug.o
                0x0000000080002784                mem_init
 .text          0x00000000800028e4       0x34 libtask.a(task1.o)
                0x00000000800028e4                _task1_start
 .text          0x0000000080002918       0x78 libtask.a(task2.o)
                0x0000000080002918                square2
                0x0000000080002958                _task2_start
 .text          0x0000000080002990       0x14 libtask.a(task3.o)
                0x0000000080002990                _task3_start
                0x00000000800029a4                PROVIDE (_text_end = .)

.rodata         0x00000000800029a4      0x135
                0x00000000800029a4                PROVIDE (_rodata_start = .)
 *(.rodata .rodata.*)
 .rodata        0x00000000800029a4       0x28 mem.o
                0x00000000800029a4                HEAP_START
                0x00000000800029a8                HEAP_SIZE
                0x00000000800029ac                TEXT_START
                0x00000000800029b0                TEXT_END
                0x00000000800029b4                DATA_START
                0x00000000800029b8                DATA_END
                0x00000000800029bc                RODATA_START
                0x00000000800029c0                RODATA_END
                0x00000000800029c4                BSS_START
                0x00000000800029c8                BSS_END
 .rodata        0x00000000800029cc        0xf kernel.o
 *fill*         0x00000000800029db        0x1 
 .rodata        0x00000000800029dc       0x86 printf.o
 *fill*         0x0000000080002a62        0x2 
 .rodata        0x0000000080002a64       0x75 debug.o
                0x0000000080002ad9                PROVIDE (_rodata_end = .)

.rela.dyn       0x0000000080002adc        0x0
 .rela.text     0x0000000080002adc        0x0 start.o
 .rela.rodata   0x0000000080002adc        0x0 start.o

.data           0x0000000080002ad9      0x527
                0x0000000080003000                . = ALIGN (0x1000)
 *fill*         0x0000000080002ad9      0x527 
                0x0000000080003000                PROVIDE (_data_start = .)
 *(.sdata .sdata.*)
 *(.data .data.*)
 .data          0x0000000080003000        0x0 start.o
 .data          0x0000000080003000        0x0 mem.o
 .data          0x0000000080003000        0x0 kernel.o
 .data          0x0000000080003000        0x0 uart.o
 .data          0x0000000080003000        0x0 printf.o
 .data          0x0000000080003000        0x0 debug.o
 .data          0x0000000080003000        0x0 libtask.a(task1.o)
 .data          0x0000000080003000        0x0 libtask.a(task2.o)
 .data          0x0000000080003000        0x0 libtask.a(task3.o)
                0x0000000080003000                PROVIDE (_data_end = .)

.bss            0x0000000080003000      0x3e8
                0x0000000080003000                PROVIDE (_bss_start = .)
 *(.sbss .sbss.*)
 *(.bss .bss.*)
 .bss           0x0000000080003000        0x0 start.o
 .bss           0x0000000080003000        0x0 mem.o
 .bss           0x0000000080003000        0x0 kernel.o
 .bss           0x0000000080003000        0x0 uart.o
 .bss           0x0000000080003000      0x3e8 printf.o
 .bss           0x00000000800033e8        0x0 debug.o
 .bss           0x00000000800033e8        0x0 libtask.a(task1.o)
 .bss           0x00000000800033e8        0x0 libtask.a(task2.o)
 .bss           0x00000000800033e8        0x0 libtask.a(task3.o)
 *(COMMON)
                0x00000000800033e8                PROVIDE (_bss_end = .)
                [!provide]                        PROVIDE (_memory_start = ORIGIN (ram))
                0x0000000088000000                PROVIDE (_memory_end = (ORIGIN (ram) + LENGTH (ram)))
                0x00000000800033e8                PROVIDE (_heap_start = _bss_end)
                0x0000000007ffcc18                PROVIDE (_heap_size = (_memory_end - _heap_start))
OUTPUT(os.elf elf32-littleriscv)

.riscv.attributes
                0x0000000000000000       0x2a
 .riscv.attributes
                0x0000000000000000       0x28 start.o
 .riscv.attributes
                0x0000000000000028       0x24 mem.o
 .riscv.attributes
                0x000000000000004c       0x26 kernel.o
 .riscv.attributes
                0x0000000000000072       0x26 uart.o
 .riscv.attributes
                0x0000000000000098       0x26 printf.o
 .riscv.attributes
                0x00000000000000be       0x26 debug.o
 .riscv.attributes
                0x00000000000000e4       0x26 libtask.a(task1.o)
 .riscv.attributes
                0x000000000000010a       0x26 libtask.a(task2.o)
 .riscv.attributes
                0x0000000000000130       0x26 libtask.a(task3.o)

.comment        0x0000000000000000       0x10
 .comment       0x0000000000000000       0x10 kernel.o
                                         0x11 (size before relaxing)
 .comment       0x0000000000000010       0x11 uart.o
 .comment       0x0000000000000010       0x11 printf.o
 .comment       0x0000000000000010       0x11 debug.o
 .comment       0x0000000000000010       0x11 libtask.a(task1.o)
 .comment       0x0000000000000010       0x11 libtask.a(task2.o)
 .comment       0x0000000000000010       0x11 libtask.a(task3.o)

.debug_line     0x0000000000000000      0x979
 .debug_line    0x0000000000000000       0x9a start.o
 .debug_line    0x000000000000009a       0x7c kernel.o
 .debug_line    0x0000000000000116      0x102 uart.o
 .debug_line    0x0000000000000218      0x54d printf.o
 .debug_line    0x0000000000000765       0xd2 debug.o
 .debug_line    0x0000000000000837       0x64 libtask.a(task1.o)
 .debug_line    0x000000000000089b       0x8c libtask.a(task2.o)
 .debug_line    0x0000000000000927       0x52 libtask.a(task3.o)

.debug_line_str
                0x0000000000000000       0xc0
 .debug_line_str
                0x0000000000000000       0x29 start.o
 .debug_line_str
                0x0000000000000029       0x15 kernel.o
                                         0x69 (size before relaxing)
 .debug_line_str
                0x000000000000003e        0xf uart.o
                                         0x5f (size before relaxing)
 .debug_line_str
                0x000000000000004d       0x53 printf.o
                                         0xac (size before relaxing)
 .debug_line_str
                0x00000000000000a0        0x8 debug.o
                                         0x67 (size before relaxing)
 .debug_line_str
                0x00000000000000a8        0x8 libtask.a(task1.o)
                                         0x5a (size before relaxing)
 .debug_line_str
                0x00000000000000b0        0x8 libtask.a(task2.o)
                                         0x5a (size before relaxing)
 .debug_line_str
                0x00000000000000b8        0x8 libtask.a(task3.o)
                                         0x5a (size before relaxing)

.debug_info     0x0000000000000000      0x6ba
 .debug_info    0x0000000000000000       0x25 start.o
 .debug_info    0x0000000000000025       0xa1 kernel.o
 .debug_info    0x00000000000000c6       0xde uart.o
 .debug_info    0x00000000000001a4      0x2c0 printf.o
 .debug_info    0x0000000000000464      0x126 debug.o
 .debug_info    0x000000000000058a       0x65 libtask.a(task1.o)
 .debug_info    0x00000000000005ef       0x92 libtask.a(task2.o)
 .debug_info    0x0000000000000681       0x39 libtask.a(task3.o)

.debug_abbrev   0x0000000000000000      0x465
 .debug_abbrev  0x0000000000000000       0x14 start.o
 .debug_abbrev  0x0000000000000014       0x92 kernel.o
 .debug_abbrev  0x00000000000000a6       0xb4 uart.o
 .debug_abbrev  0x000000000000015a      0x13e printf.o
 .debug_abbrev  0x0000000000000298       0xbc debug.o
 .debug_abbrev  0x0000000000000354       0x5c libtask.a(task1.o)
 .debug_abbrev  0x00000000000003b0       0x8a libtask.a(task2.o)
 .debug_abbrev  0x000000000000043a       0x2b libtask.a(task3.o)

.debug_aranges  0x0000000000000000      0x100
 .debug_aranges
                0x0000000000000000       0x20 start.o
 .debug_aranges
                0x0000000000000020       0x20 kernel.o
 .debug_aranges
                0x0000000000000040       0x20 uart.o
 .debug_aranges
                0x0000000000000060       0x20 printf.o
 .debug_aranges
                0x0000000000000080       0x20 debug.o
 .debug_aranges
                0x00000000000000a0       0x20 libtask.a(task1.o)
 .debug_aranges
                0x00000000000000c0       0x20 libtask.a(task2.o)
 .debug_aranges
                0x00000000000000e0       0x20 libtask.a(task3.o)

.debug_str      0x0000000000000000      0x206
 .debug_str     0x0000000000000000       0x35 start.o
 .debug_str     0x0000000000000035       0xe0 kernel.o
                                         0xf2 (size before relaxing)
 .debug_str     0x0000000000000115       0x12 uart.o
                                         0xe1 (size before relaxing)
 .debug_str     0x0000000000000127       0x63 printf.o
                                        0x147 (size before relaxing)
 .debug_str     0x000000000000018a       0x53 debug.o
                                        0x137 (size before relaxing)
 .debug_str     0x00000000000001dd        0x7 libtask.a(task1.o)
                                         0x6b (size before relaxing)
 .debug_str     0x00000000000001e4       0x15 libtask.a(task2.o)
                                         0x73 (size before relaxing)
 .debug_str     0x00000000000001f9        0xd libtask.a(task3.o)
                                         0x64 (size before relaxing)

.debug_frame    0x0000000000000000      0x240
 .debug_frame   0x0000000000000000       0x2c kernel.o
 .debug_frame   0x000000000000002c       0x80 uart.o
 .debug_frame   0x00000000000000ac       0xa0 printf.o
 .debug_frame   0x000000000000014c       0x38 debug.o
 .debug_frame   0x0000000000000184       0x34 libtask.a(task1.o)
 .debug_frame   0x00000000000001b8       0x5c libtask.a(task2.o)
 .debug_frame   0x0000000000000214       0x2c libtask.a(task3.o)
